I'm sorry, but errors were detected in your script. Please correct the
errors listed below, and try again.


File "game/script.rpy", line 6: expected statement.
    from typing import ForwardRef
                                 ^

Ren'Py Version: Ren'Py 7.4.3.1414
Mon Nov  1 13:05:01 2021
